// Jest Snapshot v1, https://goo.gl/fbAQLP

exports[`<CurrentWeather /> renders correctly when provided with valid data object 1`] = `
<div
  className="MuiPaper-root MuiCard-root makeStyles-card-1 MuiPaper-elevation0 MuiPaper-rounded"
>
  <img
    alt=""
    className="MuiCardMedia-root makeStyles-mainMedia-2 MuiCardMedia-media MuiCardMedia-img"
    height="300"
  />
  <div
    className="MuiCardContent-root makeStyles-content-3"
  >
    <h2
      className="MuiTypography-root MuiTypography-h4"
    >
      Mountain View, US
    </h2>
    <div
      className="MuiGrid-root MuiGrid-container"
    >
      <div
        className="MuiGrid-root MuiGrid-item MuiGrid-grid-xs-true"
      >
        <div
          className="MuiCardMedia-root makeStyles-media-7 makeStyles-floatRight-5"
          style={
            Object {
              "backgroundImage": "url(\\"https://openweathermap.org/img/wn/01d@2x.png\\")",
            }
          }
          title="clear sky icon"
        />
      </div>
      <div
        className="MuiGrid-root MuiGrid-item MuiGrid-grid-xs-true"
      >
        <h3
          className="MuiTypography-root makeStyles-paddingTop30-4 makeStyles-floatLeft-6 MuiTypography-h5"
        >
          283
          °C
        </h3>
      </div>
    </div>
    <div
      className="MuiGrid-root MuiGrid-container"
    >
      <div
        className="MuiGrid-root MuiGrid-item MuiGrid-grid-xs-true"
      >
        <h3
          className="MuiTypography-root makeStyles-floatRight-5 MuiTypography-h5"
        >
          Max: 
          284
          °C
        </h3>
      </div>
      <div
        className="MuiGrid-root MuiGrid-item MuiGrid-grid-xs-true"
      >
        <h3
          className="MuiTypography-root makeStyles-floatLeft-6 MuiTypography-h5"
        >
          Min: 
          280
          °C
        </h3>
      </div>
    </div>
    <div
      className="MuiGrid-root MuiGrid-container"
    >
      <div
        className="MuiGrid-root MuiGrid-item MuiGrid-grid-xs-true"
      >
        <h3
          className="MuiTypography-root makeStyles-floatRight-5 MuiTypography-h5"
        >
          Sunrise: 
          5:47 am
        </h3>
      </div>
      <div
        className="MuiGrid-root MuiGrid-item MuiGrid-grid-xs-true"
      >
        <h3
          className="MuiTypography-root makeStyles-floatLeft-6 MuiTypography-h5"
        >
          Sunset: 
          8:29 pm
        </h3>
      </div>
    </div>
  </div>
</div>
`;
